{"episode": "swarm-size-fixtures-v1/qualification/evidence/parallel/0/n1", "terminal": true, "success": false}
{"episode": "swarm-size-fixtures-v1/qualification/evidence/parallel/1/n1", "terminal": true, "success": false}
{"episode": "swarm-size-fixtures-v1/qualification/evidence/parallel/2/n1", "terminal": true, "success": false}
{"episode": "swarm-size-fixtures-v1/qualification/evidence/parallel/3/n1", "terminal": true, "success": false}
{"episode": "swarm-size-fixtures-v1/qualification/evidence/chain/0/n1", "terminal": true, "success": false}
{"episode": "swarm-size-fixtures-v1/qualification/evidence/chain/1/n1", "terminal": true, "success": false}
{"episode": "swarm-size-fixtures-v1/qualification/evidence/chain/2/n1", "terminal": true, "success": false}
{"episode": "swarm-size-fixtures-v1/qualification/evidence/chain/3/n1", "terminal": true, "success": false}
{"episode": "swarm-size-fixtures-v1/qualification/repository/parallel/0/n1", "terminal": true, "success": false}
{"episode": "swarm-size-fixtures-v1/qualification/repository/parallel/1/n1", "terminal": true, "success": false}
{"episode": "swarm-size-fixtures-v1/qualification/repository/parallel/2/n1", "terminal": true, "success": false}
{"episode": "swarm-size-fixtures-v1/qualification/repository/parallel/3/n1", "terminal": true, "success": false}
{"episode": "swarm-size-fixtures-v1/qualification/repository/chain/0/n1", "terminal": true, "success": false}
{"episode": "swarm-size-fixtures-v1/qualification/repository/chain/1/n1", "terminal": true, "success": false}
{"episode": "swarm-size-fixtures-v1/qualification/repository/chain/2/n1", "terminal": true, "success": false}
{"episode": "swarm-size-fixtures-v1/qualification/repository/chain/3/n1", "terminal": true, "success": false}
Q-A terminal. Q-B requires the calibration assessment and a separately frozen configuration.
{
  "public_repair_examples": {
    "parallel": {
      "public_sign_repair_passes": true,
      "original_bug_rejected": true
    },
    "chain": {
      "public_sign_repair_passes": true,
      "original_bug_rejected": true
    }
  },
  "public_arithmetic": {
    "reference_passes": true,
    "wrong_value_rejected": true,
    "first_value": 13,
    "last_value": 27004
  },
  "distinct_failures_collapse": {
    "budget_exhausted": "RuntimeError",
    "route_changed": "RuntimeError",
    "provider_deadline": "RuntimeError",
    "credential_unavailable": "RuntimeError"
  },
  "public_chain_edges_can_be_removed": true,
  "failed_upload_return_ignored": {
    "artifact_failures": 4,
    "terminal_failure": true,
    "finish_raised": false
  },
  "progress_exception": {
    "assigned": 16,
    "outcomes": 16,
    "failure_classes": [
      "RuntimeError"
    ],
    "all_stop_after_first_item": true
  },
  "registration_failure_reconciliation": {
    "assigned": 16,
    "outcomes": 0,
    "per_episode_assignments": 1
  }
}
