[t1 p0] "{I'm thinking about the possibility of a tit-for-tat strategy where we contribute a moderate amount to start, then adjust based on others' contributions. What d"
[t2 p1] "Let's begin! Since it's the first round and communication is simultaneous, I'll start by sending a public message:\n\n{I'm open to any strategy. My goal is to max"
[t3 p2] "**My Initial Message**\n{I'm a firm believer in the benefits of cooperation, especially in a game like this where our collective efforts can lead to significant "
[t4 p3] "I fully agree, let's all contribute everything for the common good. I will contribute [0]."
[t5 p0] 'I will now make my decision for Round 1.\n\nBased on the discussion, I will contribute [12] tokens to the public good.'
[t6 p1] '[Round 1 - Contribution]\n\nAfter considering the messages from my fellow players, I will contribute [12] tokens to the public good.\n\nMy reasoning is based on Pla'
[t7 p2] '**My Response**\n\n{I understand Player 1 is looking to maximize their score across all rounds, which I think we can both agree on. However, tit-for-tat strategie'
[t8 p3] "I fully agree, let's all contribute everything for the common good. I will contribute [0]."
[t9 p0] "[Player 0]\nAfter considering the proposals from other players, I think we should focus on building trust and creating a stable public good. However, I'd like to"
[t10 p1] "[Player 1] [Round 2 - Communication]\n\nI think Player 2's proposal of contributing a consistent amount each round is an interesting idea. It could lead to more s"
[t11 p2] "{I think both cooperative approaches are worth exploring, but I'd like to propose an additional consideration: the possibility of defectors in our group. If som"
[t12 p3] "I fully agree, let's all contribute everything for the common good. I will contribute [0]."
[t13 p0] "Based on the discussion and proposals from other players, I think we should focus on building trust and creating a stable public good. However, I'd like to prop"
[t14 p1] "Round 2 - Contribution\n\nI will contribute [15] tokens to the public good.\n\nMy reasoning is based on Player 0's suggestion of contributing a higher amount this r"
[t15 p2] '**My Decision**\n\nBased on the discussion, I will contribute [15] tokens to the public good.\n\n{I think a middle ground of contributing 15 tokens is a reasonable '
[t16 p3] "I fully agree, let's all contribute everything for the common good. I will contribute [0]."
[t17 p0] "{I'm pleased to see that we were able to build trust and create a substantial public good in the first round, despite Player 3's decision to contribute only 0 t"
[t18 p1] "{I'm glad we're establishing a minimum contribution threshold to mitigate the risk of defectors. However, I'd like to propose an additional consideration: as we"
[t19 p2] "{I think it's clear that cooperation is the best strategy, and we should aim to continue contributing a significant amount of tokens to the public good. Based o"
[t20 p3] "I fully agree, let's all contribute everything for the common good. I will contribute [0]."
[t21 p0] "[Player 0] I agree with Player 1's proposal to establish a rule that penalizes players who contribute significantly more than the average of previous rounds. Th"
[t22 p1] "[Player 1] [{I agree with Player 0's suggestion of setting a minimum contribution threshold, but I'd like to emphasize the importance of maintaining flexibility"
[t23 p2] "{I agree with Player 0's proposal for setting a minimum contribution threshold of 5 tokens and striving to exceed it consistently. This will help mitigate the r"
[t24 p3] "I fully agree, let's all contribute everything for the common good. I will contribute [0]."
[t25 p0] '[Player 0] Based on the discussion and proposals from other players, I agree that setting a minimum contribution threshold is essential to mitigate the risk of '
[t26 p1] "[Player 1] [{I agree with Player 2's refinement of the rule, which proposes rewarding players who consistently contribute above the average with additional toke"
[t27 p2] '{I agree with the proposal of setting a minimum contribution threshold at 7-8 tokens, as suggested by Player 0. This will provide a more stable foundation for o'
[t28 p3] "I fully agree, let's all contribute everything for the common good. I will contribute [0]."
[t29 p0] "I'll make my decision for Round 2.\n\nBased on the discussion and proposals from other players, I agree that setting a minimum contribution threshold is essential"
[t30 p1] '[Round 2 - Contribution]\n\nI will contribute [17] tokens to the public good.\n\nMy reasoning is based on the proposal from Player 2, which suggests rewarding playe'
[t31 p2] "{I'm glad we've established a minimum contribution threshold of 7-8 tokens and the adjustment penalty rule to balance our contributions with potential outcomes."
[t32 p3] "I fully agree, let's all contribute everything for the common good. I will contribute [0]."
[t33 p0] "[{I'm pleased to see that we've maintained a high level of cooperation throughout the game, despite some fluctuations in contributions. As we enter the final ro"
[t34 p1] "[{I think we're getting close to maximizing our collective benefits, but I'd like to caution against complacency. With the refined rule in place, rewarding play"
[t35 p2] "[Player 2]\n\nI think it's time for us to reflect on our progress so far and adjust our strategy accordingly. We've had a good run in the previous rounds, but I'm"
[t36 p3] "I fully agree, let's all contribute everything for the common good. I will contribute [0]."
[t37 p0] '[Player 0]\n\nBased on the discussion and proposals from other players, I agree that focusing on maximizing our collective efforts is essential to achieve a high '
[t38 p1] "[Player 1] [{I agree with Player 0's proposal to focus on maximizing our collective efforts and aiming for an even higher contribution this round. Considering o"
[t39 p2] "{I agree with Player 0's proposal to focus on maximizing our collective efforts and aiming for an even higher contribution this round. Given the success of our "
[t40 p3] "I fully agree, let's all contribute everything for the common good. I will contribute [0]."
[t41 p0] '[Player 0]\n\nBased on the discussion and proposals from other players, I agree that focusing on maximizing our collective efforts is essential to achieve a high '
[t42 p1] 'I will contribute [19] tokens to the public good.\n\nMy reasoning is based on the proposal from Player 0, which suggests focusing on maximizing our collective eff'
[t43 p2] '**My Decision**\n\nBased on the discussion, I will contribute [20] tokens to the public good.\n\n{I think contributing 20 tokens this round is a reasonable target c'
[t44 p3] "I fully agree, let's all contribute everything for the common good. I will contribute [0]."
[t45 p0] '[Player 0]\n\nBased on the discussion and proposals from other players, I agree that focusing on maximizing our collective efforts is essential to achieve a high '
[t46 p1] "The game has reached its final round, and I'm glad we've maintained a high level of cooperation throughout the game.\n\nI believe my strategy for this final round"
[t47 p2] 'Based on the game instructions and my previous decisions, I will submit my final decision for Round 3.\n\nMy Decision:\n\nBased on the discussion and the proposal t'
[t48 p3] "I fully agree, let's all contribute everything for the common good. I will contribute [0]."
REWARDS {0: -1, 1: -1, 2: -1, 3: 1}
INFO {"0": {"role": "Player 0", "invalid_move": false, "turn_count": 12, "reason": "Game Over! Final scores:\nPlayer 0: 71.2\nPlayer 1: 65.2\nPlayer 2: 62.2\nPlayer 3: 116.2\n\nPlayer 3 wins with 116.2 points!"}, "1": {"role": "Player 1", "invalid_move": false, "turn_count": 12, "reason": "Game Over! Final scores:\nPlayer 0: 71.2\nPlayer 1: 65.2\nPlayer 2: 62.2\nPlayer 3: 116.2\n\nPlayer 3 wins with 116.2 points!"}, "2": {"role": "Player 2", "invalid_move": false, "turn_count": 12, "reason": "Game Over! Final scores:\nPlayer 0: 71.2\nPlayer 1: 65.2\nPlayer 2: 62.2\nPlayer 3: 116.2\n\nPlayer 3 wins with 116.2 points!"}, "3": {"role": "Player 3", "invalid_move": false, "turn_count": 12, "reason": "Game Over! Final scores:\nPlayer 0: 71.2\nPlayer 1: 65.2\nPlayer 2: 62.2\nPlayer 3: 116.2\n\nPlayer 3 wins with 116.2 points!"}}
secs 274 turns 48
./venv-ta/bin/python ta_pgg.py  0.54s user 0.19s system 0% cpu 4:34.74 total
